Internal error: 'with' clause failed unexpectedly in strategy 'main'
	0
	with_1_1 (*)
	main_0_0
